<html>
<body>
<pre>
<h1>µVision Build Log</h1>
<h2>Project:</h2>
C:\Users\tsoug\Documents\UT Spring 2017\EE 445L\_ValvanoWareTM4C123\ValvanoWareTM4C123\lab_11_graphics_test_ST7735_4C123\ST7735.uvproj
Project File Date:  04/27/2017

<h2>Output:</h2>
Build target 'ST7735'
compiling ST7735TestMain.c...
linking...
Program Size: Code=7032 RO-data=24040 RW-data=52 ZI-data=1028  
".\ST7735.axf" - 0 Error(s), 0 Warning(s).
Load "C:\\Users\\tsoug\\Documents\\UT Spring 2017\\EE 445L\\_ValvanoWareTM4C123\\ValvanoWareTM4C123\\lab_11_graphics_test_ST7735_4C123\\ST7735.axf" 
Connecting: Mode=JTAG, Speed=1000000Hz
Connection failed!, error code=&d
Error: Flash Download failed  -  Target DLL has been cancelled
