<html>
<body>
<pre>
<h1>µVision Build Log</h1>
<h2>Project:</h2>
C:\Users\tsoug\Documents\UT Spring 2017\EE 445L\_ValvanoWareTM4C123\ValvanoWareTM4C123\lab_11_graphics_test_ST7735_4C123\ST7735.uvproj
Project File Date:  04/27/2017

<h2>Output:</h2>
Build target 'ST7735'
compiling ST7735TestMain.c...
linking...
Program Size: Code=2404 RO-data=18120 RW-data=48 ZI-data=1024  
".\ST7735.axf" - 0 Error(s), 0 Warning(s).
Load "C:\\Users\\tsoug\\Documents\\UT Spring 2017\\EE 445L\\_ValvanoWareTM4C123\\ValvanoWareTM4C123\\lab_11_graphics_test_ST7735_4C123\\ST7735.axf" 
Connecting: Mode=JTAG, Speed=1000000Hz
Erase Done.
Programming Done.
Verify OK.
x, y, dy, x2, y2, dy2;
ST7735TestMain.c: 3 warnings, 0 errors
linking...
Program Size: Code=2356 RO-data=16520 RW-data=48 ZI-data=1024  
".\ST7735.axf" - 0 Error(s), 3 Warning(s).
Load "C:\\Users\\tsoug\\Documents\\UT Spring 2017\\EE 445L\\_ValvanoWareTM4C123\\ValvanoWareTM4C123\\lab_11_graphics_test_ST7735_4C123\\ST7735.axf" 
Connecting: Mode=JTAG, Speed=1000000Hz
Erase Done.
Programming Done.
Verify OK.
compiling ST7735TestMain.c...
ST7735TestMain.c(621): warning:  #177-D: variable "x2" was declared but never referenced
        int x, y, dy, x2, y2, dy2;
ST7735TestMain.c(621): warning:  #177-D: variable "y2" was declared but never referenced
        int x, y, dy, x2, y2, dy2;
ST7735TestMain.c(621): warning:  #177-D: variable "dy2" was declared but never referenced
        int x, y, dy, x2, y2, dy2;
ST7735TestMain.c: 3 warnings, 0 errors
"ST7735TestMain.c" - 0 Error(s), 3 Warning(s).
